// Jest Snapshot v1, https://goo.gl/fbAQLP

exports[`components/ZigDropdown should render without crashing 1`] = `
<div
  class="sc-hKMtZM eCiABY"
  id="test-id-container"
  role="button"
>
  <div>
    Component
  </div>
</div>
`;
