// Jest Snapshot v1, https://goo.gl/fbAQLP

exports[`ChartGradients component tests renders ChartGradients component 1`] = `
<div>
  <svg
    style="width: 0px; height: 0px; display: block;"
  >
    <defs>
      <lineargradient
        id="chart-gradient-mini-red"
        x1="1%"
        x2="0%"
        y1="100%"
        y2="0%"
      >
        <stop
          offset="0%"
          stop-color="rgba(18, 20, 39, 0)"
        />
        <stop
          offset="50%"
          stop-color="rgba(21, 21, 57, 0.5)"
        />
        <stop
          offset="100%"
          stop-color="rgba(86, 36, 108, 1)"
        />
      </lineargradient>
      <lineargradient
        id="chart-gradient-mini-green"
        x1="1%"
        x2="0%"
        y1="100%"
        y2="0%"
      >
        <stop
          offset="0%"
          stop-color="rgba(17, 27, 47, 0)"
        />
        <stop
          offset="50%"
          stop-color="rgba(22, 41, 67, 0.5)"
        />
        <stop
          offset="100%"
          stop-color="rgba(39, 110, 107, 1)"
        />
      </lineargradient>
      <lineargradient
        id="chart-gradient-card-red"
        x1="0"
        x2="0"
        y1="1"
        y2="0"
      >
        <stop
          offset="0%"
          stop-color="rgba(37, 15, 38, 0.38)"
          stop-opacity="0.76"
        />
        <stop
          offset="32%"
          stop-color="rgba(46, 0, 28, 0.44)"
          stop-opacity="0.76"
        />
        <stop
          offset="100%"
          stop-color="rgba(204, 57, 147, 0.69)"
          stop-opacity="0.76"
        />
      </lineargradient>
      <lineargradient
        id="chart-gradient-card-green"
        x1="0"
        x2="0"
        y1="1"
        y2="0"
      >
        <stop
          offset="0%"
          stop-color="rgba(16, 33, 33, 0.68)"
          stop-opacity="0.76"
        />
        <stop
          offset="32%"
          stop-color="rgba(0, 45, 20, 0.44)"
          stop-opacity="0.76"
        />
        <stop
          offset="53%"
          stop-color="rgba(7, 47, 30, 0.44)"
          stop-opacity="0.76"
        />
        <stop
          offset="100%"
          stop-color="rgba(56, 235, 170, 0.69)"
          stop-opacity="0.76"
        />
      </lineargradient>
      <lineargradient
        id="chart-gradient-full-red"
        x1="0"
        x2="0"
        y1="1"
        y2="0"
      >
        <stop
          offset="0%"
          stop-color="rgba(31, 18, 59, 0.52)"
        />
        <stop
          offset="100%"
          stop-color="rgba(74, 33, 81, 0.69)"
        />
      </lineargradient>
      <lineargradient
        id="chart-gradient-full-green"
        x1="0"
        x2="0"
        y1="1"
        y2="0"
      >
        <stop
          offset="0%"
          stop-color="rgba(18, 33, 59, 0.52)"
        />
        <stop
          offset="100%"
          stop-color="rgba(33, 81, 78, 0.69)"
        />
      </lineargradient>
    </defs>
  </svg>
</div>
`;
