// Jest Snapshot v1, https://goo.gl/fbAQLP

exports[`components/inputs/ZigSlider should render without crashing 1`] = `
<div
  class="MuiBox-root css-ntktx3"
  id="test__container"
>
  <span
    class="MuiTypography-root MuiTypography-body1 css-a54hgx-MuiTypography-root"
    id="test__title"
  >
    Top Label
  </span>
  <div
    class="MuiBox-root css-gn04vd"
  >
    <div
      class="MuiBox-root css-1adenbn"
    >
      <div
        class="MuiBox-root css-1hnllux"
      >
        <span
          class="MuiTypography-root MuiTypography-body2 css-u6htvk-MuiTypography-root"
          id="test__label-start-label"
        >
          Start Label
        </span>
        <span
          class="MuiTypography-root MuiTypography-body2 css-xsotb5-MuiTypography-root"
          id="test__label-start-value"
        >
          0%
        </span>
      </div>
      <span
        class="MuiSlider-root MuiSlider-trackFalse MuiSlider-colorPrimary MuiSlider-sizeMedium css-rmijdq-MuiSlider-root"
        id="test__slider"
      >
        <span
          class="MuiSlider-rail css-47oe14-MuiSlider-rail"
        />
        <span
          class="MuiSlider-track css-1cwtxq1-MuiSlider-track"
          style="left: 0%; width: 50%;"
        />
        <span
          class="MuiSlider-mark css-vjt6xi-MuiSlider-mark"
          data-index="0"
          style="left: 25%;"
        />
        <span
          class="MuiSlider-mark MuiSlider-markActive css-nmrk1k-MuiSlider-mark"
          data-index="1"
          style="left: 50%;"
        />
        <span
          class="MuiSlider-mark css-vjt6xi-MuiSlider-mark"
          data-index="2"
          style="left: 75%;"
        />
        <span
          class="MuiSlider-thumb MuiSlider-thumbSizeMedium MuiSlider-thumbColorPrimary MuiSlider-thumb MuiSlider-thumbSizeMedium MuiSlider-thumbColorPrimary css-1ccmxfh-MuiSlider-thumb"
          data-index="0"
          style="left: 50%;"
        >
          <input
            aria-orientation="horizontal"
            aria-valuemax="100"
            aria-valuemin="0"
            aria-valuenow="50"
            data-index="0"
            max="100"
            min="0"
            step="1"
            style="border: 0px; height: 100%; margin: -1px; overflow: hidden; padding: 0px; position: absolute; white-space: nowrap; width: 100%; direction: ltr;"
            type="range"
            value="50"
          />
          <span
            aria-hidden="true"
            class="MuiSlider-valueLabel css-1v43nqo-MuiSlider-valueLabel"
          >
            <span
              class="MuiSlider-valueLabelCircle"
            >
              <span
                class="MuiSlider-valueLabelLabel"
              >
                50%
              </span>
            </span>
          </span>
        </span>
      </span>
      <div
        class="MuiBox-root css-1h56rwg"
      >
        <span
          class="MuiTypography-root MuiTypography-body2 css-1ctd5td-MuiTypography-root"
          id="test__label-end-label"
        >
          End Label
        </span>
        <span
          class="MuiTypography-root MuiTypography-body2 css-xsotb5-MuiTypography-root"
          id="test__label-end-value"
        >
          100%
        </span>
      </div>
    </div>
  </div>
</div>
`;
