// Jest Snapshot v1, https://goo.gl/fbAQLP

exports[`components/inputs/ZigInputAmount should render without crashing 1`] = `
<input
  aria-invalid="false"
  class="MuiInputBase-input MuiInput-input MuiInputBase-inputAdornedEnd css-1fsdrue-MuiInputBase-input-MuiInput-input"
  data-testid="test-id"
  id="test-id"
  placeholder="0.0"
  type="string"
  value=""
/>
`;

exports[`components/inputs/ZigInputAmount should render without crashing 2`] = `
CSSStyleDeclaration {
  "0": "text-rendering",
  "1": "letter-spacing",
  "10": "color",
  "11": "outline",
  "12": "width",
  "13": "box-shadow",
  "14": "resize",
  "15": "border",
  "16": "box-sizing",
  "17": "background",
  "18": "height",
  "19": "margin",
  "2": "word-spacing",
  "20": "min-width",
  "21": "animation-name",
  "22": "animation-duration",
  "23": "visibility",
  "3": "text-transform",
  "4": "text-indent",
  "5": "text-shadow",
  "6": "display",
  "7": "text-align",
  "8": "padding",
  "9": "cursor",
  "_importants": {
    "animation-duration": "",
    "animation-name": "",
    "background": "",
    "border": "",
    "box-shadow": "important",
    "box-sizing": "",
    "color": "",
    "cursor": "",
    "display": "",
    "font": "",
    "height": "",
    "letter-spacing": "",
    "margin": "",
    "min-width": "",
    "outline": "",
    "padding": "",
    "resize": "",
    "text-align": "",
    "text-indent": "",
    "text-rendering": "",
    "text-shadow": "",
    "text-transform": "",
    "visibility": undefined,
    "width": "",
    "word-spacing": "",
  },
  "_length": 24,
  "_onChange": [Function],
  "_values": {
    "animation-duration": "10ms",
    "animation-name": "mui-auto-fill-cancel",
    "background": "none",
    "background-image": "none",
    "border": "0px",
    "border-bottom": "0px",
    "border-bottom-width": "0px",
    "border-left": "0px",
    "border-left-width": "0px",
    "border-right": "0px",
    "border-right-width": "0px",
    "border-top": "0px",
    "border-top-width": "0px",
    "border-width": "0px",
    "box-shadow": "none",
    "box-sizing": "content-box",
    "color": "currentColor",
    "cursor": "auto",
    "display": "block",
    "height": "1.4375em",
    "letter-spacing": "inherit",
    "margin": "0px",
    "margin-bottom": "0px",
    "margin-left": "0px",
    "margin-right": "0px",
    "margin-top": "0px",
    "min-width": "0",
    "outline": "none",
    "padding": "4px 0px 5px",
    "padding-bottom": "5px",
    "padding-left": "0px",
    "padding-right": "0px",
    "padding-top": "4px",
    "resize": "none",
    "text-align": "start",
    "text-indent": "0",
    "text-rendering": "auto",
    "text-shadow": "none",
    "text-transform": "none",
    "visibility": "visible",
    "width": "100%",
    "word-spacing": "normal",
  },
}
`;
