// Jest Snapshot v1, https://goo.gl/fbAQLP

exports[`components/inputs/ZigButtonGroupInput ZigButtonGroup rendering renders with 2 options 1`] = `
<div>
  <div
    class="MuiButtonGroup-root MuiButtonGroup-outlined css-1oyhkbl-MuiButtonGroup-root"
    role="group"
  >
    <button
      class="MuiLoadingButton-root MuiButton-root MuiButton-outlined MuiButton-outlinedSecondary MuiButton-sizeMedium MuiButton-outlinedSizeMedium MuiButtonBase-root undefined MuiButton-active MuiButtonGroup-grouped MuiButtonGroup-groupedHorizontal MuiButtonGroup-groupedOutlined MuiButtonGroup-groupedOutlinedHorizontal MuiButtonGroup-groupedOutlinedPrimary css-uqq2v3-MuiButtonBase-root-MuiButton-root-MuiLoadingButton-root"
      data-testid="test-button1"
      id="test-button1"
      tabindex="0"
      type="button"
    >
      button 1
      <span
        class="MuiTouchRipple-root css-8je8zh-MuiTouchRipple-root"
      />
    </button>
    <button
      class="MuiLoadingButton-root MuiButton-root MuiButton-outlined MuiButton-outlinedSecondary MuiButton-sizeMedium MuiButton-outlinedSizeMedium MuiButtonBase-root MuiButtonGroup-grouped MuiButtonGroup-groupedHorizontal MuiButtonGroup-groupedOutlined MuiButtonGroup-groupedOutlinedHorizontal MuiButtonGroup-groupedOutlinedPrimary css-uqq2v3-MuiButtonBase-root-MuiButton-root-MuiLoadingButton-root"
      data-testid="test-button2"
      id="test-button2"
      tabindex="0"
      type="button"
    >
      button 2
      <span
        class="MuiTouchRipple-root css-8je8zh-MuiTouchRipple-root"
      />
    </button>
  </div>
</div>
`;
