// Jest Snapshot v1, https://goo.gl/fbAQLP

exports[`components/display/ZigProgressBar renders 1`] = `
<div
  class="sc-bczRLJ ipRuFC test-class"
>
  <span
    class="MuiTypography-root MuiTypography-body1 css-l00qwn-MuiTypography-root"
  >
    0%
  </span>
  <div
    class="sc-gsnTZi bbeEYO"
  >
    <div
      class="sc-dkzDqf jYByLK"
      value="10"
    >
      <div
        class="sc-hKMtZM jhmszV"
      />
      <span
        class="MuiTypography-root MuiTypography-body1 sc-eCYdqJ cVgrQQ css-l00qwn-MuiTypography-root"
        value="10"
      >
        10
        <small>
          %
        </small>
      </span>
    </div>
  </div>
  <span
    class="MuiTypography-root MuiTypography-body1 css-l00qwn-MuiTypography-root"
  >
    100
    %
  </span>
</div>
`;

exports[`components/display/ZigProgressBar renders 2`] = `
CSSStyleDeclaration {
  "0": "display",
  "1": "position",
  "2": "padding-top",
  "3": "margin-bottom",
  "4": "align-items",
  "5": "width",
  "6": "visibility",
  "_importants": {
    "align-items": "",
    "display": "",
    "margin-bottom": "",
    "padding-top": "",
    "position": "",
    "visibility": undefined,
    "width": "",
  },
  "_length": 7,
  "_onChange": [Function],
  "_values": {
    "align-items": "center",
    "display": "flex",
    "margin-bottom": "12px",
    "padding-top": "10px",
    "position": "relative",
    "visibility": "visible",
    "width": "100%",
  },
}
`;
