// Jest Snapshot v1, https://goo.gl/fbAQLP

exports[`components/inputs/ZigSelect should render without crashing 1`] = `
<div
  class=" css-b62m3t-container"
  id="test-id"
>
  <span
    class="css-1f43avz-a11yText-A11yText"
    id="react-select-test-id-live-region"
  />
  <span
    aria-atomic="false"
    aria-live="polite"
    aria-relevant="additions text"
    class="css-1f43avz-a11yText-A11yText"
  />
  <div
    class="zig-react-select__control css-1s2u09g-control"
  >
    <div
      class="zig-react-select__value-container css-dlobye-Component"
    >
      <div
        class="zig-react-select__placeholder css-14el2xx-placeholder"
        id="react-select-test-id-placeholder"
      >
        Select...
      </div>
      <div
        class="zig-react-select__input-container css-1u4kn00-Component"
        data-value=""
      >
        <input
          aria-autocomplete="list"
          aria-describedby="react-select-test-id-placeholder"
          aria-expanded="false"
          aria-haspopup="true"
          autocapitalize="none"
          autocomplete="off"
          autocorrect="off"
          class="zig-react-select__input"
          id="react-select-test-id-input"
          role="combobox"
          spellcheck="false"
          style="opacity: 1; width: 100%; grid-area: 1 / 2; min-width: 2px; border: 0px; margin: 0px; outline: 0; padding: 0px;"
          tabindex="0"
          type="text"
          value=""
        />
      </div>
    </div>
    <div
      class="zig-react-select__indicators css-ny0e4k-Component"
    >
      <div
        aria-hidden="true"
        class="zig-react-select__indicator zig-react-select__dropdown-indicator css-tlfecz-indicatorContainer"
      >
        <svg
          aria-hidden="true"
          class="css-tj5bde-Svg"
          focusable="false"
          height="20"
          viewBox="0 0 20 20"
          width="20"
        >
          <path
            d="M4.516 7.548c0.436-0.446 1.043-0.481 1.576 0l3.908 3.747 3.908-3.747c0.533-0.481 1.141-0.446 1.574 0 0.436 0.445 0.408 1.197 0 1.615-0.406 0.418-4.695 4.502-4.695 4.502-0.217 0.223-0.502 0.335-0.787 0.335s-0.57-0.112-0.789-0.335c0 0-4.287-4.084-4.695-4.502s-0.436-1.17 0-1.615z"
          />
        </svg>
      </div>
    </div>
  </div>
</div>
`;
